// Vitest Snapshot v1, https://vitest.dev/guide/snapshot.html

exports[`delivered identities never move (2026-09-29) > locks the GST number, state and address of every directory party 1`] = `
{
  "ahmedabadelite": {
    "address": "#94, Industrial Estate, Ahmedabad 380675, Gujarat",
    "gstin": "24AAFCA9574U1ZP",
    "pan": "AAFCA9574U",
    "state": "Gujarat",
    "stateCode": "24",
  },
  "ahmedabadimport": {
    "address": "#38, Main Bazaar, Ahmedabad 380318, Gujarat",
    "gstin": "24APVCA8205Y1ZO",
    "pan": "APVCA8205Y",
    "state": "Gujarat",
    "stateCode": "24",
  },
  "balajiinteriors": {
    "address": "#13, Market Street, Bengaluru 560094, Karnataka",
    "gstin": "29AJOCB7655B1ZV",
    "pan": "AJOCB7655B",
    "state": "Karnataka",
    "stateCode": "29",
  },
  "bangalorecleaners": {
    "address": "#24, Station Road, Bengaluru 560335, Karnataka",
    "gstin": "29ALKCB3480P1ZB",
    "pan": "ALKCB3480P",
    "state": "Karnataka",
    "stateCode": "29",
  },
  "bangalorecleaning": {
    "address": "#39, Station Road, Bengaluru 560387, Karnataka",
    "gstin": "29AZOCB6865I1ZI",
    "pan": "AZOCB6865I",
    "state": "Karnataka",
    "stateCode": "29",
  },
  "bengaluruboutique": {
    "address": "#28, Nehru Place, Bengaluru 560122, Karnataka",
    "gstin": "29AMUCB5393S1ZL",
    "pan": "AMUCB5393S",
    "state": "Karnataka",
    "stateCode": "29",
  },
  "bengalurulocalstore": {
    "address": "#74, Station Road, Bengaluru 560264, Karnataka",
    "gstin": "29AKQCB3526A1Z7",
    "pan": "AKQCB3526A",
    "state": "Karnataka",
    "stateCode": "29",
  },
  "bharatmac": {
    "address": "#39, MG Road, Bengaluru 560100, Karnataka",
    "gstin": "29AYICB9381M1ZH",
    "pan": "AYICB9381M",
    "state": "Karnataka",
    "stateCode": "29",
  },
  "bharatmachinery": {
    "address": "#91, Main Bazaar, Bengaluru 560338, Karnataka",
    "gstin": "29ABRCB1524H1ZH",
    "pan": "ABRCB1524H",
    "state": "Karnataka",
    "stateCode": "29",
  },
  "carameshco": {
    "address": "#75, MG Road, Bengaluru 560656, Karnataka",
    "gstin": "29APTFC8554F1ZZ",
    "pan": "APTFC8554F",
    "state": "Karnataka",
    "stateCode": "29",
  },
  "chennaihomestore": {
    "address": "#21, MG Road, Chennai 600624, Tamil Nadu",
    "gstin": "33AXGCC2911S1Z5",
    "pan": "AXGCC2911S",
    "state": "Tamil Nadu",
    "stateCode": "33",
  },
  "chennaisuppliers": {
    "address": "#82, Market Street, Chennai 600530, Tamil Nadu",
    "gstin": "33ARKCC6652Q1Z3",
    "pan": "ARKCC6652Q",
    "state": "Tamil Nadu",
    "stateCode": "33",
  },
  "coimbatoreinteriors": {
    "address": "#52, Ring Road, Coimbatore 641770, Tamil Nadu",
    "gstin": "33AAHCC7385F1ZK",
    "pan": "AAHCC7385F",
    "state": "Tamil Nadu",
    "stateCode": "33",
  },
  "coimbatorewholesale": {
    "address": "#58, Station Road, Coimbatore 641836, Tamil Nadu",
    "gstin": "33AFKCC1979K1Z0",
    "pan": "AFKCC1979K",
    "state": "Tamil Nadu",
    "stateCode": "33",
  },
  "deccantraders": {
    "address": "#60, Main Bazaar, Bengaluru 560099, Karnataka",
    "gstin": "29AUMCD4595H1ZW",
    "pan": "AUMCD4595H",
    "state": "Karnataka",
    "stateCode": "29",
  },
  "delhibazaar": {
    "address": "#95, Ring Road, New Delhi 110972, Delhi",
    "gstin": "07AAKCD4781V1ZK",
    "pan": "AAKCD4781V",
    "state": "Delhi",
    "stateCode": "07",
  },
  "deliverydirect": {
    "address": "#41, Main Bazaar, Bengaluru 560104, Karnataka",
    "gstin": "29AVSCD2672V1Z5",
    "pan": "AVSCD2672V",
    "state": "Karnataka",
    "stateCode": "29",
  },
  "gujaratretail": {
    "address": "#32, Market Street, Surat 395703, Gujarat",
    "gstin": "24ABLCG2439X1ZN",
    "pan": "ABLCG2439X",
    "state": "Gujarat",
    "stateCode": "24",
  },
  "herorentals": {
    "address": "#46, Station Road, Bengaluru 560361, Karnataka",
    "gstin": "29AREPH3662X1ZS",
    "pan": "AREPH3662X",
    "state": "Karnataka",
    "stateCode": "29",
  },
  "hyderabadinteriors": {
    "address": "#13, MG Road, Hyderabad 500844, Telangana",
    "gstin": "36ACSCH4870M1ZN",
    "pan": "ACSCH4870M",
    "state": "Telangana",
    "stateCode": "36",
  },
  "karnatakaemporium": {
    "address": "#86, Ring Road, Bengaluru 560257, Karnataka",
    "gstin": "29ARMCK5346T1ZF",
    "pan": "ARMCK5346T",
    "state": "Karnataka",
    "stateCode": "29",
  },
  "keralahandicrafts": {
    "address": "#46, Main Bazaar, Kochi 682345, Kerala",
    "gstin": "32AEQCK2064N1ZY",
    "pan": "AEQCK2064N",
    "state": "Kerala",
    "stateCode": "32",
  },
  "kochimodern": {
    "address": "#53, Commercial Street, Kochi 682827, Kerala",
    "gstin": "32ARHCK9855J1Z3",
    "pan": "ARHCK9855J",
    "state": "Kerala",
    "stateCode": "32",
  },
  "kolkataemporium": {
    "address": "#32, MG Road, Kolkata 700270, West Bengal",
    "gstin": "19ACCCK5092N1ZU",
    "pan": "ACCCK5092N",
    "state": "West Bengal",
    "stateCode": "19",
  },
  "kolkatatraders": {
    "address": "#25, MG Road, Kolkata 700470, West Bengal",
    "gstin": "19ARECK9311K1Z9",
    "pan": "ARECK9311K",
    "state": "West Bengal",
    "stateCode": "19",
  },
  "ludhianawoodworks": {
    "address": "#92, Station Road, Ludhiana 141048, Punjab",
    "gstin": "03APNCL5810F1ZV",
    "pan": "APNCL5810F",
    "state": "Punjab",
    "stateCode": "03",
  },
  "mehtaassociates": {
    "address": "#37, Market Street, Bengaluru 560611, Karnataka",
    "gstin": "29ASOFM1303D1ZJ",
    "pan": "ASOFM1303D",
    "state": "Karnataka",
    "stateCode": "29",
  },
  "mumbaisuppliers": {
    "address": "#66, Nehru Place, Mumbai 400840, Maharashtra",
    "gstin": "27ACSCM7291M1ZC",
    "pan": "ACSCM7291M",
    "state": "Maharashtra",
    "stateCode": "27",
  },
  "mysoredecor": {
    "address": "#40, Gandhi Nagar, Mysuru 570873, Karnataka",
    "gstin": "29AAGCM8216X1ZB",
    "pan": "AAGCM8216X",
    "state": "Karnataka",
    "stateCode": "29",
  },
  "nagpurretail": {
    "address": "#56, Nehru Place, Nagpur 440157, Maharashtra",
    "gstin": "27ALFCN5615B1Z4",
    "pan": "ALFCN5615B",
    "state": "Maharashtra",
    "stateCode": "27",
  },
  "rajasthanhomedecor": {
    "address": "#82, Main Bazaar, Jaipur 302227, Rajasthan",
    "gstin": "08ACFCR3030B1ZU",
    "pan": "ACFCR3030B",
    "state": "Rajasthan",
    "stateCode": "08",
  },
  "sharmalegal": {
    "address": "#93, Gandhi Nagar, Bengaluru 560365, Karnataka",
    "gstin": "29ADLFS6787J1Z0",
    "pan": "ADLFS6787J",
    "state": "Karnataka",
    "stateCode": "29",
  },
  "signageadvertising": {
    "address": "#64, Commercial Street, Bengaluru 560281, Karnataka",
    "gstin": "29AHKCS2439I1ZK",
    "pan": "AHKCS2439I",
    "state": "Karnataka",
    "stateCode": "29",
  },
  "softwarecloudllc": {
    "address": "#14, Industrial Estate, Bengaluru 560820, Karnataka",
    "gstin": "29AYDCS6524M1ZI",
    "pan": "AYDCS6524M",
    "state": "Karnataka",
    "stateCode": "29",
  },
  "trichytextiles": {
    "address": "#46, Nehru Place, Tiruchirappalli 620012, Tamil Nadu",
    "gstin": "33AYKCT8874Y1ZG",
    "pan": "AYKCT8874Y",
    "state": "Tamil Nadu",
    "stateCode": "33",
  },
  "vizagfurnishings": {
    "address": "#68, Nehru Place, Visakhapatnam 530070, Andhra Pradesh",
    "gstin": "37APXCV9020X1ZX",
    "pan": "APXCV9020X",
    "state": "Andhra Pradesh",
    "stateCode": "37",
  },
  "vizagvendors": {
    "address": "#26, Nehru Place, Visakhapatnam 530117, Andhra Pradesh",
    "gstin": "37AOBCV3845K1Z6",
    "pan": "AOBCV3845K",
    "state": "Andhra Pradesh",
    "stateCode": "37",
  },
}
`;
